src/features/auth/components/ProfileWizard.tsx(21,13): error TS6133: 'profile' is declared but its value is never read.
src/features/auth/components/ProfileWizard.tsx(45,17): error TS2353: Object literal may only specify known properties, and 'comuna' does not exist in type 'Partial<{ gender: string; ageRange: string; region: string; }>'.
src/features/feed/pages/Experience.tsx(37,12): error TS6133: 'dominantClinicId' is declared but its value is never read.
src/features/feed/pages/Experience.tsx(84,11): error TS6133: 'currentBatchBattles' is declared but its value is never read.
src/features/rankings/services/rankingService.ts(76,82): error TS2345: Argument of type '"calculate_rank_snapshot"' is not assignable to parameter of type '"get_depth_comparison" | "get_depth_multi_option" | "get_depth_analytics" | "is_admin" | "insert_signal_event" | "insert_depth_answers" | "kpi_trend_velocity" | "increment_points" | ... 12 more ... | "get_battle_context"'.
src/features/results/pages/Dashboard.tsx(11,23): error TS2769: No overload matches this call.
  Overload 1 of 2, '(relation: "battle_instances" | "signals_events" | "signal_responses" | "user_state_logs" | "subscriptions" | "survey_responses" | "trend_bev_cross_24h" | "questions" | "depth_answers" | ... 15 more ... | "user_stats"): PostgrestQueryBuilder<...>', gave the following error.
    Argument of type '"signal_hourly_aggs"' is not assignable to parameter of type '"battle_instances" | "signals_events" | "signal_responses" | "user_state_logs" | "subscriptions" | "survey_responses" | "trend_bev_cross_24h" | "questions" | "depth_answers" | ... 15 more ... | "user_stats"'.
  Overload 2 of 2, '(relation: "v_trending_signals_24h" | "v_active_battle_instance" | "v_signal_counts_daily"): PostgrestQueryBuilder<{ PostgrestVersion: "12"; }, { Tables: { battle_instances: { Row: { id: string; battle_id: string; ... 4 more ...; created_at: string; }; Insert: { ...; }; Update: { ...; }; Relationships: []; }; ... 23 more ...; user_stats: { ...; }; }; Views: { ...; }; Functions: { ...; }; Enums: {}; }, { ...; } | ... 1 more ... | { ...; }, "v_trending_signals_24h" | ... 1 more ... | "v_signal_counts_daily", []>', gave the following error.
    Argument of type '"signal_hourly_aggs"' is not assignable to parameter of type '"v_trending_signals_24h" | "v_active_battle_instance" | "v_signal_counts_daily"'.
src/features/signals/components/MultiatributeVersus.tsx(40,67): error TS6133: 'opponentId' is declared but its value is never read.
src/features/signals/services/sessionService.ts(2,1): error TS6133: 'Database' is declared but its value is never read.
